// Jest Snapshot v1, https://goo.gl/fbAQLP

exports[`HeroText should render correctly 1`] = `
<div
  className="container"
>
  <h1
    className="main_text"
  >
    Discover flowers around you
  </h1>
  <p
    className="sub_text"
  >
    Explore between more than 8.427 sightings
  </p>
</div>
`;
