// Jest Snapshot v1, https://goo.gl/fbAQLP

exports[`Hero should render correctly 1`] = `
<div
  className="container"
>
  <HeroText />
  <Connect(Search)
    handleSearch={[Function]}
  />
</div>
`;
