// Jest Snapshot v1, https://goo.gl/fbAQLP

exports[`CreateAccountButton should render correctly 1`] = `
<button
  className="button"
  onClick={[Function]}
>
  New Account
</button>
`;
